I'm sorry, but errors were detected in your script. Please correct the
errors listed below, and try again.


File "game/mini_finder.rpy", line 43: is not terminated with a newline. (Check strings and parenthesis.)
(Perhaps you left out a " at the end of the first line.)
                car "{size=+150}{color=#000000}"¡Ufff, a correr!"

Ren'Py Version: Ren'Py 8.2.0.24012702
Tue May 21 19:16:21 2024
